accord
action
administration
algerie
allemagne
americain
amerique
angleterre
arabe
arafat
armee
art
assemblee
association
attentat
banque
bayrou
berlusconi
bordeaux
bush
camp
campagne
candidat
castro
cesser-le-feu
cfdt
cgt
chavez
chaîne
chef
chirac
cinema
cisjordanie
civil
conflit
conseil
contrat
coût
crise
cuba
culture
deuxieme_tour
droit
droite
defense
democratie
eau
emploi
enfant
engagement
enquete
espagne
euro
europe
europeen
extreme_droite
famille
femme
film
financier
foi
fonction_publique
fond
formation
france
front
front_national
frontiere
gauche
gaza
gouvernement
grande-bretagne
guerre
hausse
histoire
hollande
idee
impôt
insecurite
international
internet
israelien
israël
issir
italie
jospin
juge
juif
juppe
justice
jerusalem
le_pen
liberte
loi
lutte
lutte_ouvriere
lyon
legislatif
madrid
majorite
mammere
mamere
manifestation
marseille
messier
militaire
ministre
monde
moscou
mouvement
musique
media
nantes
naplouse
national
new_york
oeuvre
onu
operation
paix
palestine
palestinien
parti_socialiste
peine
police
policier
politique
powell
premier_ministre
premier_tour
prix
projet
president
president_de_la_republique
presidentiel
question
ramallah
rapport
recherche
retraite
revanche
risque
russie
republique
resultat
salarie
second_tour
septembre
service
sharon
social
socialiste
societe
soldat
sondage
synagogue
syndicat
systeme
securite
temps
terre
territoire
terrorisme
theme
toulouse
travail
ump
universal
universite
venezuela
vente
vert
victime
vie
ville
violence
vivendi
vote
washington
zone
ecole
economie
economique
electeur
election
elections_presidentielles
equipe
etats-unis
etranger
etude
etudiant