accord
action
administration
algérie
allemagne
américain
amérique
angleterre
arabe
arafat
armée
art
assemblée
association
attentat
banque
bayrou
berlusconi
bordeaux
bush
camp
campagne
candidat
castro
cesser-le-feu
cfdt
cgt
chavez
chaîne
chef
chirac
cinéma
cisjordanie
civil
conflit
conseil
contrat
coût
crise
cuba
culture
deuxième_tour
droit
droite
défense
démocratie
eau
emploi
enfant
engagement
enquête
espagne
euro
europe
européen
extrême_droite
famille
femme
film
financier
foi
fonction_publique
fond
formation
france
front
front_national
frontière
gauche
gaza
gouvernement
grande-bretagne
guerre
hausse
histoire
hollande
idée
impôt
insécurité
international
internet
israélien
israël
issir
italie
jospin
juge
juif
juppé
justice
jérusalem
le_pen
liberté
loi
lutte
lutte_ouvrière
lyon
législatif
madrid
majorité
mammère
mamère
manifestation
marseille
messier
militaire
ministre
monde
moscou
mouvement
musique
média
nantes
naplouse
national
new_york
oeuvre
onu
opération
paix
palestine
palestinien
parti_socialiste
peine
police
policier
politique
powell
premier_ministre
premier_tour
prix
projet
président
président_de_la_république
présidentiel
question
ramallah
rapport
recherche
retraite
revanche
risque
russie
république
résultat
salarié
second_tour
septembre
service
sharon
social
socialiste
société
soldat
sondage
synagogue
syndicat
système
sécurité
temps
terre
territoire
terrorisme
thème
toulouse
travail
ump
universal
université
venezuela
vente
vert
victime
vie
ville
violence
vivendi
vote
washington
zone
école
économie
économique
électeur
élection
élections_présidentielles
équipe
états-unis
étranger
étude
étudiant